2026-06-10 12:44:19,046  INFO      Starting inference run
2026-06-10 12:44:19,046  INFO      Tasks        : ['caption', 'zeroshot']
2026-06-10 12:44:19,046  INFO      Output dir   : /home/jmali/XAI/derm-overview/results
2026-06-10 12:44:19,046  INFO      ============================================================
2026-06-10 12:44:19,046  INFO      DEVICE CHECK
2026-06-10 12:44:19,046  INFO      ============================================================
2026-06-10 12:44:19,046  INFO      PyTorch version : 2.6.0+cu124
2026-06-10 12:44:19,172  INFO      CUDA available  : YES  (1 device)
2026-06-10 12:44:19,175  INFO        GPU 0: NVIDIA A100 80GB PCIe  |  Compute 8.0  |  VRAM 79.3 GB
2026-06-10 12:44:19,175  INFO      Active device   : cuda
2026-06-10 12:44:19,175  INFO      ============================================================
2026-06-10 12:44:27,765  WARNING   Note: Environment variable`HF_TOKEN` is set and is the current active token independently from the token you've just configured.
2026-06-10 12:44:27,765  INFO      Logged in to HuggingFace Hub.
2026-06-10 12:44:27,766  INFO      Loading Derm1M dataset for caption task …
2026-06-10 12:44:48,558  INFO      Caption task ready — 0 sample(s).
2026-06-10 12:44:48,608  INFO      Zero-shot task ready — 1 sample(s), 7 classes.
2026-06-10 12:44:48,608  INFO      
────────────────────────────────────────────────────────────
2026-06-10 12:44:48,608  INFO      Loading model: hf-hub:microsoft/BiomedCLIP-PubMedBERT_256-vit_base_patch16_224
2026-06-10 12:44:48,608  INFO        GPU memory before load: 0.00 GB allocated, 0.00 GB reserved
2026-06-10 12:44:48,609  INFO      Parsing model identifier. Schema: hf-hub, Identifier: microsoft/BiomedCLIP-PubMedBERT_256-vit_base_patch16_224
2026-06-10 12:44:48,609  INFO      Attempting to load config from HF Hub: microsoft/BiomedCLIP-PubMedBERT_256-vit_base_patch16_224
2026-06-10 12:44:49,023  INFO      Loaded model config from HF Hub: microsoft/BiomedCLIP-PubMedBERT_256-vit_base_patch16_224
2026-06-10 12:45:06,018  INFO      Found default weights file on HF Hub: /home/jmali/.cache/huggingface/hub/models--microsoft--BiomedCLIP-PubMedBERT_256-vit_base_patch16_224/snapshots/9f341de24bfb00180f1b847274256e9b65a3a32e/open_clip_pytorch_model.bin
2026-06-10 12:45:06,019  INFO      Instantiating model architecture: CustomTextCLIP
2026-06-10 12:45:11,458  INFO      Loading full pretrained weights from: /home/jmali/.cache/huggingface/hub/models--microsoft--BiomedCLIP-PubMedBERT_256-vit_base_patch16_224/snapshots/9f341de24bfb00180f1b847274256e9b65a3a32e/open_clip_pytorch_model.bin
2026-06-10 12:45:18,562  INFO      Final image preprocessing configuration set: {'size': (224, 224), 'mode': 'RGB', 'mean': [0.48145466, 0.4578275, 0.40821073], 'std': [0.26862954, 0.26130258, 0.27577711], 'interpolation': 'bicubic', 'resize_mode': 'shortest', 'fill_color': 0}
2026-06-10 12:45:18,562  INFO      Model hf-hub:microsoft/BiomedCLIP-PubMedBERT_256-vit_base_patch16_224 creation process complete.
2026-06-10 12:45:21,053  INFO        Running caption task (budget=256) …
2026-06-10 12:45:21,053  INFO        Caption results saved → results/caption/hf-hub_microsoft_BiomedCLIP-PubMedBERT_256-vit_base_patch16_224
2026-06-10 12:45:21,054  INFO        Running zero-shot task (budget=64) …
2026-06-10 12:48:13,773  INFO        Zero-shot results saved → results/zeroshot/hf-hub_microsoft_BiomedCLIP-PubMedBERT_256-vit_base_patch16_224
2026-06-10 12:48:13,934  INFO        GPU memory after cleanup: 0.01 GB allocated, 0.02 GB reserved
2026-06-10 12:48:13,934  INFO      
All models done. Results summary:
2026-06-10 12:48:13,934  INFO        [hf-hub:microsoft/BiomedCLIP-PubMedBERT_256-vit_base_patch16_224]  caption: []
2026-06-10 12:48:13,934  INFO        [hf-hub:microsoft/BiomedCLIP-PubMedBERT_256-vit_base_patch16_224]  zeroshot: [{'identifier': 'ham_images/sample_2_melanoma.jpg', 'target_class': 'melanoma', 'logit': 40.40625, 'probability': 0.7295191287994385, 'interaction_values': InteractionValues(
    index=FWBII, max_order=2, min_order=0, estimated=True, estimation_budget=64,
    n_players=203, baseline_value=0.006195256039036048
)}]
2026-06-10 12:48:13,934  INFO      Inference run complete.
