2026-06-11 14:35:33,335  INFO      Starting inference run
2026-06-11 14:35:33,336  INFO      Tasks        : ['caption', 'zeroshot']
2026-06-11 14:35:33,336  INFO      Output dir   : /home/jmali/XAI/derm-overview/results
2026-06-11 14:35:33,336  INFO      ============================================================
2026-06-11 14:35:33,336  INFO      DEVICE CHECK
2026-06-11 14:35:33,336  INFO      ============================================================
2026-06-11 14:35:33,336  INFO      PyTorch version : 2.6.0+cu124
2026-06-11 14:35:33,677  INFO      CUDA available  : YES  (1 device)
2026-06-11 14:35:33,681  INFO        GPU 0: NVIDIA A100 80GB PCIe  |  Compute 8.0  |  VRAM 79.3 GB
2026-06-11 14:35:33,681  INFO      Active device   : cuda
2026-06-11 14:35:33,681  INFO      ============================================================
2026-06-11 14:35:42,525  WARNING   HF_TOKEN not set; private datasets may fail.
2026-06-11 14:35:42,802  WARNING   Caption task requested but DERM1M_ENTRIES is empty — skipping.
2026-06-11 14:35:42,802  INFO      HAM zero-shot task ready — 1 sample(s), 7 classes.
2026-06-11 14:35:42,802  INFO      PAD zero-shot task ready — 5 sample(s), 6 classes.
2026-06-11 14:35:42,802  INFO      Daffodil zero-shot task ready — 5 sample(s), 5 classes.
2026-06-11 14:35:42,802  INFO      
────────────────────────────────────────────────────────────
2026-06-11 14:35:42,802  INFO      Loading model: suinleelab/monet
2026-06-11 14:35:42,803  INFO        GPU memory before load: 0.00 GB allocated, 0.00 GB reserved
2026-06-11 14:35:46,003  INFO        Running zero-shot task HAM (budget=64)
2026-06-11 14:45:30,798  INFO        Zero-shot results saved → results/zeroshot/suinleelab_monet (HAM)
2026-06-11 14:45:30,798  INFO        Running zero-shot task PAD (budget=64)
2026-06-11 14:45:31,029  INFO        Zero-shot results saved → results/zeroshot/suinleelab_monet (PAD)
2026-06-11 14:45:31,030  INFO        Running zero-shot task Daffodil (budget=64)
2026-06-11 14:45:31,053  INFO        Zero-shot results saved → results/zeroshot/suinleelab_monet (Daffodil)
2026-06-11 14:45:31,239  INFO        GPU memory after cleanup: 0.01 GB allocated, 0.02 GB reserved
2026-06-11 14:45:31,240  INFO      
All models done.
2026-06-11 14:45:31,240  INFO        [suinleelab/monet]  zeroshot: 1 item(s)
2026-06-11 14:45:31,240  INFO      Inference run complete.
