2026-06-10 22:31:57,472  INFO      Starting inference run
2026-06-10 22:31:57,473  INFO      Tasks        : ['caption', 'zeroshot']
2026-06-10 22:31:57,473  INFO      Output dir   : /home/jmali/XAI/derm-overview/results
2026-06-10 22:31:57,473  INFO      ============================================================
2026-06-10 22:31:57,473  INFO      DEVICE CHECK
2026-06-10 22:31:57,473  INFO      ============================================================
2026-06-10 22:31:57,473  INFO      PyTorch version : 2.6.0+cu124
2026-06-10 22:31:57,590  INFO      CUDA available  : YES  (1 device)
2026-06-10 22:31:57,648  INFO        GPU 0: NVIDIA A100 80GB PCIe  |  Compute 8.0  |  VRAM 79.3 GB
2026-06-10 22:31:57,648  INFO      Active device   : cuda
2026-06-10 22:31:57,648  INFO      ============================================================
2026-06-10 22:32:32,834  WARNING   HF_TOKEN not set; private datasets may fail.
2026-06-10 22:32:32,834  INFO      Loading Derm1M dataset
2026-06-10 22:32:36,944  INFO      Caption task ready — 1 sample(s).
2026-06-10 22:32:36,945  INFO      Zero-shot task ready — 5 sample(s), 7 classes.
2026-06-10 22:32:36,945  INFO      
────────────────────────────────────────────────────────────
2026-06-10 22:32:36,945  INFO      Loading model: hf-hub:microsoft/BiomedCLIP-PubMedBERT_256-vit_base_patch16_224
2026-06-10 22:32:36,945  INFO        GPU memory before load: 0.00 GB allocated, 0.00 GB reserved
2026-06-10 22:32:36,946  INFO      Parsing model identifier. Schema: hf-hub, Identifier: microsoft/BiomedCLIP-PubMedBERT_256-vit_base_patch16_224
2026-06-10 22:32:36,946  INFO      Attempting to load config from HF Hub: microsoft/BiomedCLIP-PubMedBERT_256-vit_base_patch16_224
2026-06-10 22:32:37,158  INFO      Loaded model config from HF Hub: microsoft/BiomedCLIP-PubMedBERT_256-vit_base_patch16_224
2026-06-10 22:32:37,425  INFO      Found default weights file on HF Hub: /home/jmali/.cache/huggingface/hub/models--microsoft--BiomedCLIP-PubMedBERT_256-vit_base_patch16_224/snapshots/9f341de24bfb00180f1b847274256e9b65a3a32e/open_clip_pytorch_model.bin
2026-06-10 22:32:37,425  INFO      Instantiating model architecture: CustomTextCLIP
2026-06-10 22:32:44,196  INFO      Loading full pretrained weights from: /home/jmali/.cache/huggingface/hub/models--microsoft--BiomedCLIP-PubMedBERT_256-vit_base_patch16_224/snapshots/9f341de24bfb00180f1b847274256e9b65a3a32e/open_clip_pytorch_model.bin
2026-06-10 22:32:51,884  INFO      Final image preprocessing configuration set: {'size': (224, 224), 'mode': 'RGB', 'mean': [0.48145466, 0.4578275, 0.40821073], 'std': [0.26862954, 0.26130258, 0.27577711], 'interpolation': 'bicubic', 'resize_mode': 'shortest', 'fill_color': 0}
2026-06-10 22:32:51,885  INFO      Model hf-hub:microsoft/BiomedCLIP-PubMedBERT_256-vit_base_patch16_224 creation process complete.
2026-06-10 22:32:52,401  INFO        Running caption task (budget=256)
2026-06-10 22:35:19,028  INFO        Caption results saved → results/caption/hf-hub_microsoft_BiomedCLIP-PubMedBERT_256-vit_base_patch16_224
2026-06-10 22:35:19,028  INFO        Running zero-shot task (budget=64)
