2026-06-11 23:55:17,689  INFO      Starting inference run
2026-06-11 23:55:17,689  INFO      Tasks        : ['caption', 'ins_del']
2026-06-11 23:55:17,689  INFO      Output dir   : /home/ik448298/XAI/derm-overview/results
2026-06-11 23:55:17,689  INFO      ============================================================
2026-06-11 23:55:17,689  INFO      DEVICE CHECK
2026-06-11 23:55:17,689  INFO      ============================================================
2026-06-11 23:55:17,689  INFO      PyTorch version : 2.6.0+cu124
2026-06-11 23:55:17,727  INFO      CUDA available  : YES  (1 device)
2026-06-11 23:55:17,731  INFO        GPU 0: NVIDIA TITAN X (Pascal)  |  Compute 6.1  |  VRAM 11.9 GB
2026-06-11 23:55:17,731  INFO      Active device   : cuda
2026-06-11 23:55:17,731  INFO      ============================================================
2026-06-11 23:55:29,953  WARNING   HF_TOKEN not set; private datasets may fail.
2026-06-11 23:55:29,966  INFO      Loading Derm1M dataset
2026-06-11 23:55:30,305  WARNING   Using the latest cached version of the dataset since redlessone/Derm1M couldn't be found on the Hugging Face Hub
2026-06-11 23:55:30,310  WARNING   Found the latest cached dataset configuration 'default' at /home/ik448298/.cache/huggingface/datasets/redlessone___derm1_m/default/0.0.0/3c1da1beeae41027b73d5aa8e9b4ec4c5dc83ad7 (last modified on Tue Jun  9 22:59:12 2026).
2026-06-11 23:55:30,567  INFO      Caption task ready — 9 sample(s).
2026-06-11 23:55:30,567  INFO      
────────────────────────────────────────────────────────────
2026-06-11 23:55:30,567  INFO      Loading model: hf-hub:redlessone/DermLIP_ViT-B-16
2026-06-11 23:55:30,568  INFO        GPU memory before load: 0.00 GB allocated, 0.00 GB reserved
2026-06-11 23:55:30,568  INFO      Parsing model identifier. Schema: hf-hub, Identifier: redlessone/DermLIP_ViT-B-16
2026-06-11 23:55:30,568  INFO      Attempting to load config from HF Hub: redlessone/DermLIP_ViT-B-16
2026-06-11 23:55:30,744  INFO      Loaded model config from HF Hub: redlessone/DermLIP_ViT-B-16
2026-06-11 23:55:30,950  INFO      Found default weights file on HF Hub: /home/ik448298/.cache/huggingface/hub/models--redlessone--DermLIP_ViT-B-16/snapshots/b7d427364122927b0d19faf45cec05eea5469226/open_clip_model.safetensors
2026-06-11 23:55:30,950  INFO      Instantiating model architecture: CLIP
2026-06-11 23:55:32,548  INFO      Loading full pretrained weights from: /home/ik448298/.cache/huggingface/hub/models--redlessone--DermLIP_ViT-B-16/snapshots/b7d427364122927b0d19faf45cec05eea5469226/open_clip_model.safetensors
2026-06-11 23:55:32,697  INFO      Final image preprocessing configuration set: {'size': (224, 224), 'mode': 'RGB', 'mean': [0.48145466, 0.4578275, 0.40821073], 'std': [0.26862954, 0.26130258, 0.27577711], 'interpolation': 'bicubic', 'resize_mode': 'shortest', 'fill_color': 0}
2026-06-11 23:55:32,697  INFO      Model hf-hub:redlessone/DermLIP_ViT-B-16 creation process complete.
2026-06-11 23:55:32,697  INFO      Parsing tokenizer identifier. Schema: hf-hub, Identifier: redlessone/DermLIP_ViT-B-16
2026-06-11 23:55:32,697  INFO      Attempting to load config from hf-hub:redlessone/DermLIP_ViT-B-16
2026-06-11 23:55:32,842  INFO      Using default SimpleTokenizer.
2026-06-11 23:55:32,925  INFO      Parsing model identifier. Schema: hf-hub, Identifier: redlessone/DermLIP_ViT-B-16
2026-06-11 23:55:32,925  INFO      Attempting to load config from HF Hub: redlessone/DermLIP_ViT-B-16
2026-06-11 23:55:33,075  INFO      Loaded model config from HF Hub: redlessone/DermLIP_ViT-B-16
2026-06-11 23:55:33,211  INFO      Found default weights file on HF Hub: /home/ik448298/.cache/huggingface/hub/models--redlessone--DermLIP_ViT-B-16/snapshots/b7d427364122927b0d19faf45cec05eea5469226/open_clip_model.safetensors
2026-06-11 23:55:33,211  INFO      Instantiating model architecture: CLIP
2026-06-11 23:55:34,802  INFO      Loading full pretrained weights from: /home/ik448298/.cache/huggingface/hub/models--redlessone--DermLIP_ViT-B-16/snapshots/b7d427364122927b0d19faf45cec05eea5469226/open_clip_model.safetensors
2026-06-11 23:55:34,950  INFO      Final image preprocessing configuration set: {'size': (224, 224), 'mode': 'RGB', 'mean': [0.48145466, 0.4578275, 0.40821073], 'std': [0.26862954, 0.26130258, 0.27577711], 'interpolation': 'bicubic', 'resize_mode': 'shortest', 'fill_color': 0}
2026-06-11 23:55:34,951  INFO      Model hf-hub:redlessone/DermLIP_ViT-B-16 creation process complete.
2026-06-11 23:55:35,293  INFO      Parsing tokenizer identifier. Schema: hf-hub, Identifier: redlessone/DermLIP_ViT-B-16
2026-06-11 23:55:35,294  INFO      Attempting to load config from hf-hub:redlessone/DermLIP_ViT-B-16
2026-06-11 23:55:35,444  INFO      Using default SimpleTokenizer.
2026-06-11 23:55:35,527  INFO        Running caption task (budget=1024, ins_del -> results/ins_del/hf-hub_redlessone_DermLIP_ViT-B-16)
