2026-06-12 00:09:25,025  INFO      Starting inference run
2026-06-12 00:09:25,026  INFO      Tasks        : ['caption', 'ins_del']
2026-06-12 00:09:25,026  INFO      Output dir   : /home/ik448298/XAI/derm-overview/results
2026-06-12 00:09:25,026  INFO      ============================================================
2026-06-12 00:09:25,026  INFO      DEVICE CHECK
2026-06-12 00:09:25,026  INFO      ============================================================
2026-06-12 00:09:25,026  INFO      PyTorch version : 2.6.0+cu124
2026-06-12 00:09:25,064  INFO      CUDA available  : YES  (1 device)
2026-06-12 00:09:25,067  INFO        GPU 0: NVIDIA TITAN X (Pascal)  |  Compute 6.1  |  VRAM 11.9 GB
2026-06-12 00:09:25,067  INFO      Active device   : cuda
2026-06-12 00:09:25,067  INFO      ============================================================
2026-06-12 00:09:37,745  WARNING   HF_TOKEN not set; private datasets may fail.
['pad_images/PAT_304_4186_458.png', 'pad_images/PAT_230_1008_673.png', 'pad_images/PAT_110_397_52.png', 'pad_images/PAT_460_894_401.png', 'pad_images/PAT_100_393_595.png']
['Actinic Keratosis', 'Actinic Keratosis', 'Actinic Keratosis', 'Basal Cell Carcinoma', 'Nevus']
['daffodil_images/flip-1143__ProtectWyJQcm90ZWN0Il0_FocusFillWzI5NCwyMjIsIngiLDFd.jpg', 'daffodil_images/Crop-0350_0300lp-pigmentosus1__ProtectWyJQcm90ZWN0Il0_FocusFillWzI5NCwyMjIsIngiLDFd.jpeg', 'daffodil_images/Resize-450_400psoriatic-nail-010__ProtectWyJQcm90ZWN0Il0_FocusFillWzI5NCwyMjIsIngiLDFd.jpeg', 'daffodil_images/flip-1sjs-ten-oral-7__ProtectWyJQcm90ZWN0Il0_FocusFillWzI5NCwyMjIsIngiLDFd.jpeg', 'daffodil_images/Crop-100350_100300vitiligo-19__ProtectWyJQcm90ZWN0Il0_FocusFillWzI5NCwyMjIsIngiLDFd.jpg']
['acne', 'hyperpigmentation', 'nail psoriasis', 'sjs ten', 'vitiligo']
2026-06-12 00:09:37,752  INFO      Loading Derm1M dataset
2026-06-12 00:09:38,075  WARNING   Using the latest cached version of the dataset since redlessone/Derm1M couldn't be found on the Hugging Face Hub
2026-06-12 00:09:38,080  WARNING   Found the latest cached dataset configuration 'default' at /home/ik448298/.cache/huggingface/datasets/redlessone___derm1_m/default/0.0.0/3c1da1beeae41027b73d5aa8e9b4ec4c5dc83ad7 (last modified on Tue Jun  9 22:59:12 2026).
2026-06-12 00:09:38,255  INFO      Caption task ready — 6 sample(s).
2026-06-12 00:09:38,255  INFO      
────────────────────────────────────────────────────────────
2026-06-12 00:09:38,255  INFO      Loading model: hf-hub:redlessone/DermLIP_ViT-B-16
2026-06-12 00:09:38,256  INFO        GPU memory before load: 0.00 GB allocated, 0.00 GB reserved
2026-06-12 00:09:38,256  INFO      Parsing model identifier. Schema: hf-hub, Identifier: redlessone/DermLIP_ViT-B-16
2026-06-12 00:09:38,256  INFO      Attempting to load config from HF Hub: redlessone/DermLIP_ViT-B-16
2026-06-12 00:09:38,416  INFO      Loaded model config from HF Hub: redlessone/DermLIP_ViT-B-16
2026-06-12 00:09:38,562  INFO      Found default weights file on HF Hub: /home/ik448298/.cache/huggingface/hub/models--redlessone--DermLIP_ViT-B-16/snapshots/b7d427364122927b0d19faf45cec05eea5469226/open_clip_model.safetensors
2026-06-12 00:09:38,562  INFO      Instantiating model architecture: CLIP
2026-06-12 00:09:40,187  INFO      Loading full pretrained weights from: /home/ik448298/.cache/huggingface/hub/models--redlessone--DermLIP_ViT-B-16/snapshots/b7d427364122927b0d19faf45cec05eea5469226/open_clip_model.safetensors
2026-06-12 00:09:40,453  INFO      Final image preprocessing configuration set: {'size': (224, 224), 'mode': 'RGB', 'mean': [0.48145466, 0.4578275, 0.40821073], 'std': [0.26862954, 0.26130258, 0.27577711], 'interpolation': 'bicubic', 'resize_mode': 'shortest', 'fill_color': 0}
2026-06-12 00:09:40,453  INFO      Model hf-hub:redlessone/DermLIP_ViT-B-16 creation process complete.
2026-06-12 00:09:40,453  INFO      Parsing tokenizer identifier. Schema: hf-hub, Identifier: redlessone/DermLIP_ViT-B-16
2026-06-12 00:09:40,453  INFO      Attempting to load config from hf-hub:redlessone/DermLIP_ViT-B-16
2026-06-12 00:09:40,593  INFO      Using default SimpleTokenizer.
2026-06-12 00:09:40,679  INFO      Parsing model identifier. Schema: hf-hub, Identifier: redlessone/DermLIP_ViT-B-16
2026-06-12 00:09:40,679  INFO      Attempting to load config from HF Hub: redlessone/DermLIP_ViT-B-16
2026-06-12 00:09:40,833  INFO      Loaded model config from HF Hub: redlessone/DermLIP_ViT-B-16
2026-06-12 00:09:40,967  INFO      Found default weights file on HF Hub: /home/ik448298/.cache/huggingface/hub/models--redlessone--DermLIP_ViT-B-16/snapshots/b7d427364122927b0d19faf45cec05eea5469226/open_clip_model.safetensors
2026-06-12 00:09:40,968  INFO      Instantiating model architecture: CLIP
2026-06-12 00:09:42,571  INFO      Loading full pretrained weights from: /home/ik448298/.cache/huggingface/hub/models--redlessone--DermLIP_ViT-B-16/snapshots/b7d427364122927b0d19faf45cec05eea5469226/open_clip_model.safetensors
2026-06-12 00:09:42,725  INFO      Final image preprocessing configuration set: {'size': (224, 224), 'mode': 'RGB', 'mean': [0.48145466, 0.4578275, 0.40821073], 'std': [0.26862954, 0.26130258, 0.27577711], 'interpolation': 'bicubic', 'resize_mode': 'shortest', 'fill_color': 0}
2026-06-12 00:09:42,725  INFO      Model hf-hub:redlessone/DermLIP_ViT-B-16 creation process complete.
2026-06-12 00:09:43,098  INFO      Parsing tokenizer identifier. Schema: hf-hub, Identifier: redlessone/DermLIP_ViT-B-16
2026-06-12 00:09:43,098  INFO      Attempting to load config from hf-hub:redlessone/DermLIP_ViT-B-16
2026-06-12 00:09:43,236  INFO      Using default SimpleTokenizer.
2026-06-12 00:09:43,317  INFO        Running caption task (budget=1024, ins_del -> results/ins_del/hf-hub_redlessone_DermLIP_ViT-B-16)

--> derm_train_images/youtube/XwA-mCenqm4_frame_481_0.jpg
   [skip] too many text players: 31

--> derm_train_images/youtube/5Fe4aaMKiWE_frame_1051_0_0.jpg
  [ins_del] Scoring deletion-MIF (order-2)...
  [ins_del] Scoring insertion-MIF (order-2)...
  [ins_del] order=2  AID=0.2124  (full=0.2904, empty=0.2025)  → 5Fe4aaMKiWE_frame_1051_0_0_pred__curves.png
n_players_image: 196
n_players_text: 22
iv.n_players: 218
iv index: FWBII
player index range in iv: 0 to 217
Text:  ['this', 'image', 'depicts', 'clin', 'ically', 'simultaneous', 'presence', 'of', 'at', 'least', 'two', 'distinct', 'nev', 'us', 'components', ',', 'which', 'can', 'indicate', 'skin', 'disease', '.'] Word dimensions: [(np.float64(40.625), np.float64(23.0)), (np.float64(69.25), np.float64(23.0)), (np.float64(80.75), np.float64(23.0)), (np.float64(38.75), np.float64(23.0)), (np.float64(57.75), np.float64(23.0)), (np.float64(149.0), np.float64(23.0)), (np.float64(101.625), np.float64(23.0)), (np.float64(21.5), np.float64(23.0)), (np.float64(22.375), np.float64(23.0)), (np.float64(53.875), np.float64(23.0)), (np.float64(40.5), np.float64(23.0)), (np.float64(82.0), np.float64(23.0)), (np.float64(40.75), np.float64(23.0)), (np.float64(25.625), np.float64(23.0)), (np.float64(137.25), np.float64(23.0)), (np.float64(7.0), np.float64(23.0)), (np.float64(64.625), np.float64(23.0)), (np.float64(39.875), np.float64(23.0)), (np.float64(88.875), np.float64(23.0)), (np.float64(44.75), np.float64(23.0)), (np.float64(84.5), np.float64(23.0)), (np.float64(7.0), np.float64(23.0))]

--> derm_train_images/youtube/Y5AL8FruOJE_frame_12081_0_0.jpg
  [ins_del] Scoring deletion-MIF (order-2)...
  [ins_del] Scoring insertion-MIF (order-2)...
  [ins_del] order=2  AID=-0.0695  (full=0.2933, empty=0.1967)  → Y5AL8FruOJE_frame_12081_0_0_pred__curves.png
n_players_image: 196
n_players_text: 26
iv.n_players: 222
iv index: FWBII
player index range in iv: 0 to 221
Text:  ['this', 'image', 'discusses', 'fibro', 'blast', 'growth', 'factor', '(', 'f', 'gf', ')', 'hered', 'itary', 'variants', ',', 'which', 'are', 'associated', 'with', 'fg', 'fr', '-', 'related', 'skin', 'diseases', '.'] Word dimensions: [(np.float64(40.625), np.float64(23.0)), (np.float64(69.25), np.float64(23.0)), (np.float64(106.75), np.float64(23.0)), (np.float64(50.625), np.float64(23.0)), (np.float64(54.375), np.float64(23.0)), (np.float64(77.375), np.float64(23.0)), (np.float64(65.375), np.float64(23.0)), (np.float64(8.625), np.float64(23.0)), (np.float64(7.875), np.float64(23.0)), (np.float64(22.0), np.float64(23.0)), (np.float64(8.625), np.float64(23.0)), (np.float64(64.125), np.float64(23.0)), (np.float64(51.0), np.float64(23.0)), (np.float64(90.25), np.float64(23.0)), (np.float64(7.0), np.float64(23.0)), (np.float64(64.625), np.float64(23.0)), (np.float64(36.0), np.float64(23.0)), (np.float64(119.125), np.float64(23.0)), (np.float64(47.125), np.float64(23.0)), (np.float64(22.0), np.float64(23.0)), (np.float64(17.125), np.float64(23.0)), (np.float64(8.125), np.float64(23.0)), (np.float64(78.75), np.float64(23.0)), (np.float64(44.75), np.float64(23.0)), (np.float64(96.125), np.float64(23.0)), (np.float64(7.0), np.float64(23.0))]

--> derm_train_images/IIYI/27732_1.png
  [ins_del] Scoring deletion-MIF (order-2)...
  [ins_del] Scoring insertion-MIF (order-2)...
  [ins_del] order=2  AID=0.1238  (full=0.2705, empty=0.2015)  → 27732_1_pred__curves.png
